MAP
   NAME cali
     Size 1000 600

     STATUS ON
     EXTENT  -76.5928 3.33181  -76.4613 3.50587
     SHAPEPATH "datos"

     FONTSET "misc/fonts/fonts.txt"
     SYMBOLSET "misc/symbols/symbols.sym"

      IMAGECOLOR 240 230 255
      UNITS dd

    WEB
    IMAGEPATH "C:/ms4w/Apache/htdocs/plantillaMvc/web/misc/symbols/" #Esto puede variar segun tu configuracion
      IMAGEURL "/symbols/"
    END
  
    LAYER
    #CONNECTIONTYPE postgis
      NAME "Cinco"
      STATUS ON
      DATA "cinco.shp"
      #CONNECTION "user=postgres password=123456 dbname=prueba host=localhost port=5433"
       # DATA "geom FROM (select * from cinco) as cinco using unique gid SRID=4326"
      TYPE POLYGON
        CLASS 
                    STYLE
                    
                        COLOR 255 255 255
                      OUTLINECOLOR 0 0 0
                    END
          END
    END



    LAYER
      NAME "Six"
     DATA "six.shp"
      TYPE POLYGON
     # LABELITEM "Comuna"
        CLASS
		#NAME "LABEL"
            STYLE
              COLOR 160 160 160
              OUTLINECOLOR 0 0 0
            END
		#	LABEL
		#	SIZE SMALL
		#	COLOR 0 0 0
		#	END
    END
   END

  LAYER
      NAME "One"
     DATA "one.shp"
      TYPE POLYGON
   #  LABELITEM "BARRIO"
        CLASS
	#	NAME "LABEL"
            STYLE
              COLOR 255 255 255
              OUTLINECOLOR 0 0 0
            END
	#		LABEL
	#		SIZE SMALL
	#		COLOR 0 0 0
	#		END
        END
    END

  #  LAYER
	#	NAME "Two"
   #     STATUS ON
    #   DATA "two.shp"
     #   TYPE POLYGON
      #  CLASS
       #     STYLE
        #      COLOR 20 95 248
         #     OUTLINECOLOR 0 0 0
          #  END
      #  END
   # END


  CONFIG "MS_ERRORFILE" "C:/ms4w/apache/htdocs/log2.txt"
 	DEBUG 5
   


LAYER 
CONNECTIONTYPE postgis
		NAME "Puntos1"
		STATUS ON
		#DATA "puntos.shp"
		TYPE POINT
   CONNECTION "user=postgres password=123456 dbname=bd_proyecto host=localhost port=5433"
   DATA "solicitud_accidente_direccion FROM (select * from solicitud_accidentes) as acci using unique solicitud_accidente_id SRID=4326"
		CLASS 
			STYLE
				SYMBOL star
				 SIZE 50
				#COLOR 160 160 125
				#OUTLINECOLOR 0 255 0        
			END
		END
	END

LAYER 
CONNECTIONTYPE postgis
		NAME "Puntos2"
		STATUS ON
		#DATA "puntos.shp"
		TYPE POINT
   CONNECTION "user=postgres password=123456 dbname=bd_proyecto host=localhost port=5433"
   DATA "solicitud_reductores_mal_estado_direccion FROM (select * from solicitud_reductores_mal_estado) as acci using unique solicitud_reductores_mal_estado_id SRID=4326"
		CLASS 
			STYLE
				SYMBOL star
				 SIZE 50
				#COLOR 0 34 125
				#OUTLINECOLOR 0 255 0        
			END
		END
	END

LAYER 
CONNECTIONTYPE postgis
		NAME "Puntos3"
		STATUS ON
		#DATA "puntos.shp"
		TYPE POINT
   CONNECTION "user=postgres password=123456 dbname=bd_proyecto host=localhost port=5433"
   DATA "solicitud_reductor_nuevo_direccion FROM (select * from solicitud_reductores_nuevos) as acci using unique solicitud_reductor_nuevo_id SRID=4326"
		CLASS 
			STYLE
				SYMBOL star
				 SIZE 50
				#COLOR 0 34 125
				#OUTLINECOLOR 0 255 0        
			END
		END
	END


LAYER 
CONNECTIONTYPE postgis
		NAME "Puntos4"
		STATUS ON
		#DATA "puntos.shp"
		TYPE POINT
   CONNECTION "user=postgres password=123456 dbname=bd_proyecto host=localhost port=5433"
   DATA "solicitud_via_mal_estado_direccion FROM (select * from solicitud_vias_mal_estado) as acci using unique solicitud_via_mal_estado_id SRID=4326"
		CLASS 
			STYLE
				SYMBOL star
				 SIZE 50
				#COLOR 0 34 125
				#OUTLINECOLOR 0 255 0        
			END
		END
	END

LAYER 
CONNECTIONTYPE postgis
		NAME "Puntos5"
		STATUS ON
		#DATA "puntos.shp"
		TYPE POINT
   CONNECTION "user=postgres password=123456 dbname=bd_proyecto host=localhost port=5433"
   DATA "solicitud_senial_nueva_direccion FROM (select * from solicitud_seniales_nuevas) as acci using unique solicitud_senial_nueva_id SRID=4326"
		CLASS 
			STYLE
				SYMBOL star
				 SIZE 50
				#COLOR 0 34 125
				#OUTLINECOLOR 0 255 0        
			END
		END
	END

LAYER 
CONNECTIONTYPE postgis
		NAME "Puntos6"
		STATUS ON
		#DATA "puntos.shp"
		TYPE POINT
   CONNECTION "user=postgres password=123456 dbname=bd_proyecto host=localhost port=5433"
   DATA "solicitud_senial_mal_estado_direccion FROM (select * from solicitud_seniales_mal_estado) as acci using unique solicitud_senial_mal_estado_id SRID=4326"
		CLASS 
			STYLE
				SYMBOL star
				 SIZE 50
				#COLOR 0 34 125
				#OUTLINECOLOR 0 255 0        
			END
		END
	END



    
END